// Jest Snapshot v1, https://goo.gl/fbAQLP

exports[`matches snapshot 1`] = `
<DocumentFragment>
  <div
    class="MuiGrid-root MuiGrid-container MuiGrid-item"
    style="margin-bottom: 10px; padding-left: 15px; padding-right: 15px;"
  >
    <div
      class="MuiGrid-root makeStyles-item-27 MuiGrid-item MuiGrid-grid-xs-6"
    >
      <div
        class="MuiChip-root MuiChip-outlined MuiChip-sizeSmall"
      >
        <div
          class="MuiAvatar-root MuiAvatar-circle MuiChip-avatar makeStyles-avatar-28 makeStyles-avatar-30 MuiChip-avatarSmall MuiAvatar-colorDefault"
        >
          <span
            class="devicon-javascript-plain"
            style="font-size: 1.3em; color: rgb(255, 255, 255);"
          />
        </div>
        <span
          class="MuiChip-label MuiChip-labelSmall"
        >
          JavaScript
        </span>
      </div>
    </div>
    <div
      class="MuiGrid-root MuiGrid-item MuiGrid-grid-xs-6"
    >
      <p
        class="MuiTypography-root MuiTypography-body1 MuiTypography-alignRight"
      >
        80%
      </p>
    </div>
    <div
      class="MuiGrid-root MuiGrid-item MuiGrid-grid-xs-12"
      style="margin-top: 5px;"
    >
      <div
        class=" makeStyles-root-31"
      >
        <div
          aria-valuemax="100"
          aria-valuemin="0"
          aria-valuenow="0"
          class="MuiLinearProgress-root makeStyles-root-33 makeStyles-root-35 MuiLinearProgress-colorPrimary MuiLinearProgress-determinate"
          role="progressbar"
        >
          <div
            class="MuiLinearProgress-bar makeStyles-bar-34 makeStyles-bar-36 MuiLinearProgress-barColorPrimary MuiLinearProgress-bar1Determinate"
            style="transform: translateX(-100%);"
          />
        </div>
      </div>
    </div>
  </div>
  <div
    class="MuiGrid-root MuiGrid-container MuiGrid-item"
    style="margin-bottom: 10px; padding-left: 15px; padding-right: 15px;"
  >
    <div
      class="MuiGrid-root makeStyles-item-27 MuiGrid-item MuiGrid-grid-xs-6"
    >
      <div
        class="MuiChip-root MuiChip-outlined MuiChip-sizeSmall"
      >
        <div
          class="MuiAvatar-root MuiAvatar-circle MuiChip-avatar makeStyles-avatar-28 makeStyles-avatar-37 MuiChip-avatarSmall MuiAvatar-colorDefault"
        >
          <span
            class="cib-react"
            style="font-size: 1.3em; color: rgb(255, 255, 255);"
          />
        </div>
        <span
          class="MuiChip-label MuiChip-labelSmall"
        >
          React
        </span>
      </div>
    </div>
    <div
      class="MuiGrid-root MuiGrid-item MuiGrid-grid-xs-6"
    >
      <p
        class="MuiTypography-root MuiTypography-body1 MuiTypography-alignRight"
      >
        100%
      </p>
    </div>
    <div
      class="MuiGrid-root MuiGrid-item MuiGrid-grid-xs-12"
      style="margin-top: 5px;"
    >
      <div
        class=" makeStyles-root-31"
      >
        <div
          aria-valuemax="100"
          aria-valuemin="0"
          aria-valuenow="0"
          class="MuiLinearProgress-root makeStyles-root-33 makeStyles-root-38 MuiLinearProgress-colorPrimary MuiLinearProgress-determinate"
          role="progressbar"
        >
          <div
            class="MuiLinearProgress-bar makeStyles-bar-34 makeStyles-bar-39 MuiLinearProgress-barColorPrimary MuiLinearProgress-bar1Determinate"
            style="transform: translateX(-100%);"
          />
        </div>
      </div>
    </div>
  </div>
</DocumentFragment>
`;
