// Jest Snapshot v1, https://goo.gl/fbAQLP

exports[`matches snapshot 1`] = `
<DocumentFragment>
  <div
    class="makeStyles-root-21"
  >
    <div
      class="MuiBox-root MuiBox-root-25"
    >
      <h4
        class="MuiTypography-root MuiTypography-h4"
      >
        navbar.personal_skills
      </h4>
    </div>
    <div
      class="MuiPaper-root MuiAccordion-root MuiAccordion-rounded MuiPaper-elevation1 MuiPaper-rounded"
    >
      <div
        aria-controls="panelbh-content"
        aria-disabled="false"
        aria-expanded="false"
        class="MuiButtonBase-root MuiAccordionSummary-root"
        id="panelbh-header"
        role="button"
        tabindex="0"
      >
        <div
          class="MuiAccordionSummary-content"
        >
          <div
            class="MuiGrid-root MuiGrid-container MuiGrid-align-items-xs-center"
          >
            <h6
              class="MuiTypography-root MuiTypography-h6 MuiTypography-colorTextSecondary"
            >
              Communication
            </h6>
          </div>
        </div>
        <div
          aria-disabled="false"
          aria-hidden="true"
          class="MuiButtonBase-root MuiIconButton-root MuiAccordionSummary-expandIcon MuiIconButton-edgeEnd"
        >
          <span
            class="MuiIconButton-label"
          >
            <svg
              aria-hidden="true"
              class="MuiSvgIcon-root"
              focusable="false"
              viewBox="0 0 24 24"
            >
              <path
                d="M16.59 8.59L12 13.17 7.41 8.59 6 10l6 6 6-6z"
              />
            </svg>
          </span>
          <span
            class="MuiTouchRipple-root"
          />
        </div>
      </div>
      <div
        class="MuiCollapse-container MuiCollapse-hidden"
        style="min-height: 0px;"
      >
        <div
          class="MuiCollapse-wrapper"
        >
          <div
            class="MuiCollapse-wrapperInner"
          >
            <div
              aria-labelledby="panelbh-header"
              id="panelbh-content"
              role="region"
            >
              <div
                class="MuiAccordionDetails-root"
              >
                <h6
                  class="MuiTypography-root MuiTypography-subtitle1"
                >
                  During my work experience as a Full Stack Web Developer I had to meet with the client in order to gather requirements to start the development process of new Systems. Additionally, I was responsible for answering client enquiries by phone solving their problems and giving support on systems which I was maintaining.
                </h6>
              </div>
            </div>
          </div>
        </div>
      </div>
    </div>
    <div
      class="MuiPaper-root MuiAccordion-root MuiAccordion-rounded MuiPaper-elevation1 MuiPaper-rounded"
    >
      <div
        aria-controls="panelbh-content"
        aria-disabled="false"
        aria-expanded="false"
        class="MuiButtonBase-root MuiAccordionSummary-root"
        id="panelbh-header"
        role="button"
        tabindex="0"
      >
        <div
          class="MuiAccordionSummary-content"
        >
          <div
            class="MuiGrid-root MuiGrid-container MuiGrid-align-items-xs-center"
          >
            <h6
              class="MuiTypography-root MuiTypography-h6 MuiTypography-colorTextSecondary"
            >
              Responsibility
            </h6>
          </div>
        </div>
        <div
          aria-disabled="false"
          aria-hidden="true"
          class="MuiButtonBase-root MuiIconButton-root MuiAccordionSummary-expandIcon MuiIconButton-edgeEnd"
        >
          <span
            class="MuiIconButton-label"
          >
            <svg
              aria-hidden="true"
              class="MuiSvgIcon-root"
              focusable="false"
              viewBox="0 0 24 24"
            >
              <path
                d="M16.59 8.59L12 13.17 7.41 8.59 6 10l6 6 6-6z"
              />
            </svg>
          </span>
          <span
            class="MuiTouchRipple-root"
          />
        </div>
      </div>
      <div
        class="MuiCollapse-container MuiCollapse-hidden"
        style="min-height: 0px;"
      >
        <div
          class="MuiCollapse-wrapper"
        >
          <div
            class="MuiCollapse-wrapperInner"
          >
            <div
              aria-labelledby="panelbh-header"
              id="panelbh-content"
              role="region"
            >
              <div
                class="MuiAccordionDetails-root"
              >
                <h6
                  class="MuiTypography-root MuiTypography-subtitle1"
                >
                  I was responsible for developing and maintaining systems with sensible data such as employee salaries or bank transactions systems. These systems were crucial to make the monthly payments of the 4000+ employees of the company.
                </h6>
              </div>
            </div>
          </div>
        </div>
      </div>
    </div>
    <div
      class="MuiPaper-root MuiAccordion-root MuiAccordion-rounded MuiPaper-elevation1 MuiPaper-rounded"
    >
      <div
        aria-controls="panelbh-content"
        aria-disabled="false"
        aria-expanded="false"
        class="MuiButtonBase-root MuiAccordionSummary-root"
        id="panelbh-header"
        role="button"
        tabindex="0"
      >
        <div
          class="MuiAccordionSummary-content"
        >
          <div
            class="MuiGrid-root MuiGrid-container MuiGrid-align-items-xs-center"
          >
            <h6
              class="MuiTypography-root MuiTypography-h6 MuiTypography-colorTextSecondary"
            >
              Teamwork
            </h6>
          </div>
        </div>
        <div
          aria-disabled="false"
          aria-hidden="true"
          class="MuiButtonBase-root MuiIconButton-root MuiAccordionSummary-expandIcon MuiIconButton-edgeEnd"
        >
          <span
            class="MuiIconButton-label"
          >
            <svg
              aria-hidden="true"
              class="MuiSvgIcon-root"
              focusable="false"
              viewBox="0 0 24 24"
            >
              <path
                d="M16.59 8.59L12 13.17 7.41 8.59 6 10l6 6 6-6z"
              />
            </svg>
          </span>
          <span
            class="MuiTouchRipple-root"
          />
        </div>
      </div>
      <div
        class="MuiCollapse-container MuiCollapse-hidden"
        style="min-height: 0px;"
      >
        <div
          class="MuiCollapse-wrapper"
        >
          <div
            class="MuiCollapse-wrapperInner"
          >
            <div
              aria-labelledby="panelbh-header"
              id="panelbh-content"
              role="region"
            >
              <div
                class="MuiAccordionDetails-root"
              >
                <h6
                  class="MuiTypography-root MuiTypography-subtitle1"
                >
                  Even though I had to work in some cases on my own it is always better to face challenges as a team. For more than 5 year now, I have been part of a development team, in which all members take part in a collaborative way with SCRUM methodologies.
                </h6>
              </div>
            </div>
          </div>
        </div>
      </div>
    </div>
    <div
      class="MuiPaper-root MuiAccordion-root MuiAccordion-rounded MuiPaper-elevation1 MuiPaper-rounded"
    >
      <div
        aria-controls="panelbh-content"
        aria-disabled="false"
        aria-expanded="false"
        class="MuiButtonBase-root MuiAccordionSummary-root"
        id="panelbh-header"
        role="button"
        tabindex="0"
      >
        <div
          class="MuiAccordionSummary-content"
        >
          <div
            class="MuiGrid-root MuiGrid-container MuiGrid-align-items-xs-center"
          >
            <h6
              class="MuiTypography-root MuiTypography-h6 MuiTypography-colorTextSecondary"
            >
              Adaptability
            </h6>
          </div>
        </div>
        <div
          aria-disabled="false"
          aria-hidden="true"
          class="MuiButtonBase-root MuiIconButton-root MuiAccordionSummary-expandIcon MuiIconButton-edgeEnd"
        >
          <span
            class="MuiIconButton-label"
          >
            <svg
              aria-hidden="true"
              class="MuiSvgIcon-root"
              focusable="false"
              viewBox="0 0 24 24"
            >
              <path
                d="M16.59 8.59L12 13.17 7.41 8.59 6 10l6 6 6-6z"
              />
            </svg>
          </span>
          <span
            class="MuiTouchRipple-root"
          />
        </div>
      </div>
      <div
        class="MuiCollapse-container MuiCollapse-hidden"
        style="min-height: 0px;"
      >
        <div
          class="MuiCollapse-wrapper"
        >
          <div
            class="MuiCollapse-wrapperInner"
          >
            <div
              aria-labelledby="panelbh-header"
              id="panelbh-content"
              role="region"
            >
              <div
                class="MuiAccordionDetails-root"
              >
                <h6
                  class="MuiTypography-root MuiTypography-subtitle1"
                >
                  This skill is mandatory to work in web development, often when I encounter new challenges it is necessary to investigate and start learning new technologies, packages or libraries, and apply if suitable. To be able to achieve this it is important to adapt to constant changes in technology.
                </h6>
              </div>
            </div>
          </div>
        </div>
      </div>
    </div>
  </div>
</DocumentFragment>
`;
